<!DOCTYPE html>
<html>
<head lang="en">
    <meta charset="UTF-8">
    <title>Dog Layout</title>
</head>
<body>
<div>
    <p>This is content</p>
</div>
</body>
</html>