<!DOCTYPE html>
<html>
<head lang="en">
    <meta charset="UTF-8">
    <title>Cat Layout</title>
</head>
<body>
    <p>This is content</p>
</body>
</html>